[    0.000000] Linux version 6.19.0-thor_kernel (root@vburton) (gcc (GCC) 15.2.0, GNU ld (GNU Binutils) 2.45) #2 SMP PREEMPT_DYNAMIC Wed Jan  7 10:46:58 CET 2026
[    0.000000] Command line: BOOT_IMAGE=/vmlinuz-torvalds-master root=/dev/sda4 ro
[    0.000000] BIOS-provided physical RAM map:
[    0.000000] BIOS-e820: [mem 0x0000000000000000-0x000000000009fbff] usable
[    0.000000] BIOS-e820: [mem 0x000000000009fc00-0x000000000009ffff] reserved
[    0.000000] BIOS-e820: [mem 0x00000000000f0000-0x00000000000fffff] reserved
[    0.000000] BIOS-e820: [mem 0x0000000000100000-0x00000000dffeffff] usable
[    0.000000] BIOS-e820: [mem 0x00000000dfff0000-0x00000000dfffffff] ACPI data
[    0.000000] BIOS-e820: [mem 0x00000000fec00000-0x00000000fec00fff] reserved
[    0.000000] BIOS-e820: [mem 0x00000000fee00000-0x00000000fee00fff] reserved
[    0.000000] BIOS-e820: [mem 0x00000000fffc0000-0x00000000ffffffff] reserved
[    0.000000] BIOS-e820: [mem 0x0000000100000000-0x0000000320bfffff] usable
[    0.000000] NX (Execute Disable) protection: active
[    0.000000] APIC: Static calls initialized
[    0.000000] SMBIOS 2.5 present.
[    0.000000] DMI: innotek GmbH VirtualBox/VirtualBox, BIOS VirtualBox 12/01/2006
[    0.000000] DMI: Memory slots populated: 0/0
[    0.000000] Hypervisor detected: KVM
[    0.000000] last_pfn = 0xe0000 max_arch_pfn = 0x400000000
[    0.000000] kvm-clock: Using msrs 4b564d01 and 4b564d00
[    0.000005] kvm-clock: using sched offset of 6568996517 cycles
[    0.000008] clocksource: kvm-clock: mask: 0xffffffffffffffff max_cycles: 0x1cd42e4dffb, max_idle_ns: 881590591483 ns
[    0.000010] tsc: Detected 2111.998 MHz processor
[    0.000641] e820: update [mem 0x00000000-0x00000fff] usable ==> reserved
[    0.000643] e820: remove [mem 0x000a0000-0x000fffff] usable
[    0.000646] last_pfn = 0x320c00 max_arch_pfn = 0x400000000
[    0.000650] MTRRs disabled by BIOS
[    0.000652] x86/PAT: Configuration [0-7]: WB  WC  UC- UC  WB  WP  UC- WT  
[    0.000656] last_pfn = 0xe0000 max_arch_pfn = 0x400000000
[    0.000676] found SMP MP-table at [mem 0x0009fff0-0x0009ffff]
[    0.000797] ACPI: Early table checksum verification disabled
[    0.000799] ACPI: RSDP 0x00000000000E0000 000024 (v02 VBOX  )
[    0.000801] ACPI: XSDT 0x00000000DFFF0030 00003C (v01 VBOX   VBOXXSDT 00000001 ASL  00000061)
[    0.000804] ACPI: FACP 0x00000000DFFF00F0 0000F4 (v04 VBOX   VBOXFACP 00000001 ASL  00000061)
[    0.000806] ACPI: DSDT 0x00000000DFFF0690 002353 (v02 VBOX   VBOXBIOS 00000002 INTL 20200925)
[    0.000807] ACPI: FACS 0x00000000DFFF0200 000040
[    0.000809] ACPI: FACS 0x00000000DFFF0200 000040
[    0.000810] ACPI: APIC 0x00000000DFFF0240 0000DC (v02 VBOX   VBOXAPIC 00000001 ASL  00000061)
[    0.000811] ACPI: SSDT 0x00000000DFFF0320 00036C (v01 VBOX   VBOXCPUT 00000002 INTL 20200925)
[    0.000812] ACPI: Reserving FACP table memory at [mem 0xdfff00f0-0xdfff01e3]
[    0.000813] ACPI: Reserving DSDT table memory at [mem 0xdfff0690-0xdfff29e2]
[    0.000813] ACPI: Reserving FACS table memory at [mem 0xdfff0200-0xdfff023f]
[    0.000814] ACPI: Reserving FACS table memory at [mem 0xdfff0200-0xdfff023f]
[    0.000814] ACPI: Reserving APIC table memory at [mem 0xdfff0240-0xdfff031b]
[    0.000814] ACPI: Reserving SSDT table memory at [mem 0xdfff0320-0xdfff068b]
[    0.000920] No NUMA configuration found
[    0.000921] Faking a node at [mem 0x0000000000000000-0x0000000320bfffff]
[    0.000922] NODE_DATA(0) allocated [mem 0x320bf4900-0x320bf7fff]
[    0.000933] Zone ranges:
[    0.000934]   DMA      [mem 0x0000000000001000-0x0000000000ffffff]
[    0.000935]   DMA32    [mem 0x0000000001000000-0x00000000ffffffff]
[    0.000935]   Normal   [mem 0x0000000100000000-0x0000000320bfffff]
[    0.000936] Movable zone start for each node
[    0.000936] Early memory node ranges
[    0.000936]   node   0: [mem 0x0000000000001000-0x000000000009efff]
[    0.000937]   node   0: [mem 0x0000000000100000-0x00000000dffeffff]
[    0.000938]   node   0: [mem 0x0000000100000000-0x0000000320bfffff]
[    0.000939] Initmem setup node 0 [mem 0x0000000000001000-0x0000000320bfffff]
[    0.000942] On node 0, zone DMA: 1 pages in unavailable ranges
[    0.000962] On node 0, zone DMA: 97 pages in unavailable ranges
[    0.022948] On node 0, zone Normal: 16 pages in unavailable ranges
[    0.023186] On node 0, zone Normal: 29696 pages in unavailable ranges
[    0.074896] ACPI: PM-Timer IO Port: 0x4008
[    0.074935] IOAPIC[0]: apic_id 18, version 32, address 0xfec00000, GSI 0-23
[    0.074937] ACPI: INT_SRC_OVR (bus 0 bus_irq 0 global_irq 2 dfl dfl)
[    0.074938] ACPI: INT_SRC_OVR (bus 0 bus_irq 9 global_irq 9 low level)
[    0.074940] ACPI: Using ACPI (MADT) for SMP configuration information
[    0.074944] CPU topo: Max. logical packages:   1
[    0.074944] CPU topo: Max. logical dies:       1
[    0.074944] CPU topo: Max. dies per package:   1
[    0.074947] CPU topo: Max. threads per core:   1
[    0.074947] CPU topo: Num. cores per package:    18
[    0.074948] CPU topo: Num. threads per package:  18
[    0.074948] CPU topo: Allowing 18 present CPUs plus 0 hotplug CPUs
[    0.074960] PM: hibernation: Registered nosave memory: [mem 0x00000000-0x00000fff]
[    0.074961] PM: hibernation: Registered nosave memory: [mem 0x0009f000-0x000fffff]
[    0.074962] PM: hibernation: Registered nosave memory: [mem 0xdfff0000-0xffffffff]
[    0.074963] [mem 0xe0000000-0xfebfffff] available for PCI devices
[    0.074963] Booting paravirtualized kernel on KVM
[    0.074964] clocksource: refined-jiffies: mask: 0xffffffff max_cycles: 0xffffffff, max_idle_ns: 1910969940391419 ns
[    0.078976] setup_percpu: NR_CPUS:64 nr_cpumask_bits:18 nr_cpu_ids:18 nr_node_ids:1
[    0.079856] percpu: Embedded 52 pages/cpu s175000 r8192 d29800 u262144
[    0.079858] pcpu-alloc: s175000 r8192 d29800 u262144 alloc=1*2097152
[    0.079860] pcpu-alloc: [0] 00 01 02 03 04 05 06 07 [0] 08 09 10 11 12 13 14 15 
[    0.079863] pcpu-alloc: [0] 16 17 -- -- -- -- -- -- 
[    0.079875] Kernel command line: BOOT_IMAGE=/vmlinuz-torvalds-master root=/dev/sda4 ro
[    0.079890] random: crng init done
[    0.079890] printk: log buffer data + meta data: 262144 + 917504 = 1179648 bytes
[    0.081652] Dentry cache hash table entries: 2097152 (order: 12, 16777216 bytes, linear)
[    0.082584] Inode-cache hash table entries: 1048576 (order: 11, 8388608 bytes, linear)
[    0.082754] software IO TLB: area num 32.
[    0.097151] Fallback order for Node 0: 0 
[    0.097154] Built 1 zonelists, mobility grouping on.  Total pages: 3148686
[    0.097155] Policy zone: Normal
[    0.097156] mem auto-init: stack:all(zero), heap alloc:off, heap free:off
[    0.118675] SLUB: HWalign=64, Order=0-3, MinObjects=0, CPUs=18, Nodes=1
[    0.118695] Kernel/User page tables isolation: enabled
[    0.119673] Dynamic Preempt: voluntary
[    0.119717] rcu: Preemptible hierarchical RCU implementation.
[    0.119717] rcu: 	RCU event tracing is enabled.
[    0.119717] rcu: 	RCU restricting CPUs from NR_CPUS=64 to nr_cpu_ids=18.
[    0.119718] 	Trampoline variant of Tasks RCU enabled.
[    0.119718] 	Tracing variant of Tasks RCU enabled.
[    0.119719] rcu: RCU calculated value of scheduler-enlistment delay is 100 jiffies.
[    0.119719] rcu: Adjusting geometry for rcu_fanout_leaf=16, nr_cpu_ids=18
[    0.119727] RCU Tasks: Setting shift to 5 and lim to 1 rcu_task_cb_adjust=1 rcu_task_cpu_ids=18.
[    0.119728] RCU Tasks Trace: Setting shift to 5 and lim to 1 rcu_task_cb_adjust=1 rcu_task_cpu_ids=18.
[    0.121500] NR_IRQS: 4352, nr_irqs: 568, preallocated irqs: 16
[    0.121666] rcu: srcu_init: Setting srcu_struct sizes based on contention.
[    0.182548] Console: colour VGA+ 80x25
[    0.182550] printk: legacy console [tty0] enabled
[    0.202756] ACPI: Core revision 20250807
[    0.202950] APIC: Switch to symmetric I/O mode setup
[    0.203279] x2apic enabled
[    0.203589] APIC: Switched APIC routing to: physical x2apic
[    0.204591] ..TIMER: vector=0x30 apic1=0 pin1=2 apic2=-1 pin2=-1
[    0.204787] clocksource: tsc-early: mask: 0xffffffffffffffff max_cycles: 0x1e71768ef8b, max_idle_ns: 440795218977 ns
[    0.205091] Calibrating delay loop (skipped) preset value.. 4223.99 BogoMIPS (lpj=2111998)
[    0.205442] Last level iTLB entries: 4KB 0, 2MB 0, 4MB 0
[    0.205610] Last level dTLB entries: 4KB 0, 2MB 0, 4MB 0, 1GB 0
[    0.205792] mitigations: Enabled attack vectors: user_kernel, user_user, SMT mitigations: auto
[    0.206057] Speculative Store Bypass: Vulnerable
[    0.206090] Spectre V2 : Mitigation: Retpolines
[    0.206090] ITS: Mitigation: Aligned branch/return thunks
[    0.206090] MDS: Mitigation: Clear CPU buffers
[    0.206090] Spectre V1 : Mitigation: usercopy/swapgs barriers and __user pointer sanitization
[    0.206090] Spectre V2 : Spectre v2 / SpectreRSB: Filling RSB on context switch and VMEXIT
[    0.206090] active return thunk: its_return_thunk
[    0.206090] x86/fpu: Supporting XSAVE feature 0x001: 'x87 floating point registers'
[    0.206090] x86/fpu: Supporting XSAVE feature 0x002: 'SSE registers'
[    0.206090] x86/fpu: Supporting XSAVE feature 0x004: 'AVX registers'
[    0.206090] x86/fpu: xstate_offset[2]:  576, xstate_sizes[2]:  256
[    0.206090] x86/fpu: Enabled xstate features 0x7, context size is 832 bytes, using 'standard' format.
[    0.206090] Freeing SMP alternatives memory: 56K
[    0.206101] pid_max: default: 32768 minimum: 301
[    0.207125] SELinux:  Initializing.
[    0.207358] Mount-cache hash table entries: 32768 (order: 6, 262144 bytes, linear)
[    0.207625] Mountpoint-cache hash table entries: 32768 (order: 6, 262144 bytes, linear)
[    0.259410] smpboot: CPU0: 12th Gen Intel(R) Core(TM) i7-12700 (family: 0x6, model: 0x97, stepping: 0x2)
[    0.259849] Performance Events: unsupported CPU family 6 model 151 no PMU driver, software events only.
[    0.260090] signal: max sigframe size: 1776
[    0.260090] rcu: Hierarchical SRCU implementation.
[    0.260090] rcu: 	Max phase no-delay instances is 400.
[    0.260274] Timer migration: 2 hierarchy levels; 8 children per group; 2 crossnode level
[    0.264062] smp: Bringing up secondary CPUs ...
[    0.264130] smpboot: x86: Booting SMP configuration:
[    0.264297] .... node  #0, CPUs:        #1  #2  #3  #4  #5  #6  #7  #8  #9 #10 #11 #12 #13 #14 #15 #16 #17
[    0.295147] smp: Brought up 1 node, 18 CPUs
[    0.297091] smpboot: Total of 18 processors activated (76031.92 BogoMIPS)
[    0.299115] Memory: 12251724K/12594744K available (19187K kernel code, 2915K rwdata, 7628K rodata, 2844K init, 784K bss, 335124K reserved, 0K cma-reserved)
[    0.300181] devtmpfs: initialized
[    0.300532] clocksource: jiffies: mask: 0xffffffff max_cycles: 0xffffffff, max_idle_ns: 1911260446275000 ns
[    0.301093] posixtimers hash table entries: 16384 (order: 6, 262144 bytes, linear)
[    0.301438] futex hash table entries: 8192 (524288 bytes on 1 NUMA nodes, total 512 KiB, linear).
[    0.301897] PM: RTC time: 09:52:39, date: 2026-01-07
[    0.302226] NET: Registered PF_NETLINK/PF_ROUTE protocol family
[    0.302470] audit: initializing netlink subsys (disabled)
[    0.302671] audit: type=2000 audit(1767779566.464:1): state=initialized audit_enabled=0 res=1
[    0.302671] thermal_sys: Registered thermal governor 'step_wise'
[    0.303105] cpuidle: using governor menu
[    0.303523] PCI: Using configuration type 1 for base access
[    0.303758] kprobes: kprobe jump-optimization is enabled. All kprobes are optimized if possible.
[    0.307193] HugeTLB: registered 2.00 MiB page size, pre-allocated 0 pages
[    0.307411] HugeTLB: 28 KiB vmemmap can be freed for a 2.00 MiB page
[    0.308586] ACPI: Added _OSI(Module Device)
[    0.308747] ACPI: Added _OSI(Processor Device)
[    0.308909] ACPI: Added _OSI(Processor Aggregator Device)
[    0.309631] ACPI: 2 ACPI AML tables successfully acquired and loaded
[    0.314457] ACPI: Interpreter enabled
[    0.314612] ACPI: PM: (supports S0 S5)
[    0.314759] ACPI: Using IOAPIC for interrupt routing
[    0.315002] PCI: Using host bridge windows from ACPI; if necessary, use "pci=nocrs" and report a bug
[    0.315090] PCI: Using E820 reservations for host bridge windows
[    0.315335] ACPI: Enabled 2 GPEs in block 00 to 07
[    0.317090] ACPI: PCI Root Bridge [PCI0] (domain 0000 [bus 00-ff])
[    0.317090] acpi PNP0A03:00: _OSC: OS supports [ASPM ClockPM Segments MSI HPX-Type3]
[    0.317090] acpi PNP0A03:00: _OSC: not requesting OS control; OS requires [ExtendedConfig ASPM ClockPM MSI]
[    0.317090] acpi PNP0A03:00: fail to add MMCONFIG information, can't access extended configuration space under this bridge
[    0.317090] PCI host bridge to bus 0000:00
[    0.317090] pci_bus 0000:00: root bus resource [io  0x0000-0x0cf7 window]
[    0.317090] pci_bus 0000:00: root bus resource [io  0x0d00-0xffff window]
[    0.317090] pci_bus 0000:00: root bus resource [mem 0x000a0000-0x000bffff window]
[    0.317090] pci_bus 0000:00: root bus resource [mem 0xe0000000-0xfdffffff window]
[    0.317090] pci_bus 0000:00: root bus resource [bus 00-ff]
[    0.317090] pci 0000:00:00.0: [8086:1237] type 00 class 0x060000 conventional PCI endpoint
[    0.319238] pci 0000:00:01.0: [8086:7000] type 00 class 0x060100 conventional PCI endpoint
[    0.320389] pci 0000:00:01.1: [8086:7111] type 00 class 0x01018a conventional PCI endpoint
[    0.322291] pci 0000:00:01.1: BAR 4 [io  0xd000-0xd00f]
[    0.322501] pci 0000:00:01.1: BAR 0 [io  0x01f0-0x01f7]: legacy IDE quirk
[    0.322716] pci 0000:00:01.1: BAR 1 [io  0x03f6]: legacy IDE quirk
[    0.322918] pci 0000:00:01.1: BAR 2 [io  0x0170-0x0177]: legacy IDE quirk
[    0.323091] pci 0000:00:01.1: BAR 3 [io  0x0376]: legacy IDE quirk
[    0.323397] pci 0000:00:02.0: [15ad:0405] type 00 class 0x030000 conventional PCI endpoint
[    0.327093] pci 0000:00:02.0: BAR 0 [io  0xd010-0xd01f]
[    0.328096] pci 0000:00:02.0: BAR 1 [mem 0xe0000000-0xe0ffffff pref]
[    0.329096] pci 0000:00:02.0: BAR 2 [mem 0xf0000000-0xf01fffff]
[    0.329339] pci 0000:00:02.0: Video device with shadowed ROM at [mem 0x000c0000-0x000dffff]
[    0.330187] pci 0000:00:03.0: [8086:100e] type 00 class 0x020000 conventional PCI endpoint
[    0.333114] pci 0000:00:03.0: BAR 0 [mem 0xf0200000-0xf021ffff]
[    0.334101] pci 0000:00:03.0: BAR 2 [io  0xd020-0xd027]
[    0.335359] pci 0000:00:04.0: [80ee:cafe] type 00 class 0x088000 conventional PCI endpoint
[    0.337170] pci 0000:00:04.0: BAR 0 [io  0xd040-0xd05f]
[    0.338111] pci 0000:00:04.0: BAR 1 [mem 0xf0400000-0xf07fffff]
[    0.339105] pci 0000:00:04.0: BAR 2 [mem 0xf0800000-0xf0803fff pref]
[    0.340269] pci 0000:00:05.0: [8086:2415] type 00 class 0x040100 conventional PCI endpoint
[    0.341270] pci 0000:00:05.0: BAR 0 [io  0xd100-0xd1ff]
[    0.341459] pci 0000:00:05.0: BAR 1 [io  0xd200-0xd23f]
[    0.341761] pci 0000:00:06.0: [106b:003f] type 00 class 0x0c0310 conventional PCI endpoint
[    0.343188] pci 0000:00:06.0: BAR 0 [mem 0xf0804000-0xf0804fff]
[    0.344309] pci 0000:00:07.0: [8086:7113] type 00 class 0x068000 conventional PCI endpoint
[    0.346163] pci 0000:00:07.0: quirk: [io  0x4000-0x403f] claimed by PIIX4 ACPI
[    0.347095] pci 0000:00:07.0: quirk: [io  0x4100-0x410f] claimed by PIIX4 SMB
[    0.348233] pci 0000:00:0b.0: [8086:265c] type 00 class 0x0c0320 conventional PCI endpoint
[    0.350210] pci 0000:00:0b.0: BAR 0 [mem 0xf0805000-0xf0805fff]
[    0.354126] pci 0000:00:0d.0: [8086:2829] type 00 class 0x010601 conventional PCI endpoint
[    0.356262] pci 0000:00:0d.0: BAR 0 [io  0xd240-0xd247]
[    0.357096] pci 0000:00:0d.0: BAR 1 [io  0xd248-0xd24b]
[    0.358095] pci 0000:00:0d.0: BAR 2 [io  0xd250-0xd257]
[    0.359095] pci 0000:00:0d.0: BAR 3 [io  0xd258-0xd25b]
[    0.360096] pci 0000:00:0d.0: BAR 4 [io  0xd260-0xd26f]
[    0.361096] pci 0000:00:0d.0: BAR 5 [mem 0xf0806000-0xf0807fff]
[    0.363412] ACPI: PCI: Interrupt link LNKA configured for IRQ 11
[    0.363690] ACPI: PCI: Interrupt link LNKB configured for IRQ 10
[    0.363921] ACPI: PCI: Interrupt link LNKC configured for IRQ 9
[    0.364124] ACPI: PCI: Interrupt link LNKD configured for IRQ 11
[    0.364393] iommu: Default domain type: Translated
[    0.364565] iommu: DMA domain TLB invalidation policy: lazy mode
[    0.365129] SCSI subsystem initialized
[    0.365306] libata version 3.00 loaded.
[    0.365306] ACPI: bus type USB registered
[    0.365306] usbcore: registered new interface driver usbfs
[    0.365461] usbcore: registered new interface driver hub
[    0.366094] usbcore: registered new device driver usb
[    0.366276] pps_core: LinuxPPS API ver. 1 registered
[    0.366450] pps_core: Software ver. 5.3.6 - Copyright 2005-2007 Rodolfo Giometti <giometti@linux.it>
[    0.366756] PTP clock support registered
[    0.366927] Advanced Linux Sound Architecture Driver Initialized.
[    0.367175] NetLabel: Initializing
[    0.367315] NetLabel:  domain hash size = 128
[    0.367476] NetLabel:  protocols = UNLABELED CIPSOv4 CALIPSO
[    0.367673] NetLabel:  unlabeled traffic allowed by default
[    0.367873] PCI: Using ACPI for IRQ routing
[    0.368091] PCI: pci_cache_line_size set to 64 bytes
[    0.368200] e820: reserve RAM buffer [mem 0x0009fc00-0x0009ffff]
[    0.368202] e820: reserve RAM buffer [mem 0xdfff0000-0xdfffffff]
[    0.368202] e820: reserve RAM buffer [mem 0x320c00000-0x323ffffff]
[    0.368212] pci 0000:00:02.0: vgaarb: setting as boot VGA device
[    0.368299] pci 0000:00:02.0: vgaarb: bridge control possible
[    0.368491] pci 0000:00:02.0: vgaarb: VGA device added: decodes=io+mem,owns=io+mem,locks=none
[    0.368778] vgaarb: loaded
[    0.370747] clocksource: Switched to clocksource kvm-clock
[    0.370954] VFS: Disk quotas dquot_6.6.0
[    0.370954] VFS: Dquot-cache hash table entries: 512 (order 0, 4096 bytes)
[    0.371040] pnp: PnP ACPI init
[    0.371466] pnp: PnP ACPI: found 2 devices
[    0.378991] clocksource: acpi_pm: mask: 0xffffff max_cycles: 0xffffff, max_idle_ns: 2085701024 ns
[    0.379305] NET: Registered PF_INET protocol family
[    0.379688] IP idents hash table entries: 262144 (order: 9, 2097152 bytes, linear)
[    0.379988] tcp_listen_portaddr_hash hash table entries: 8192 (order: 5, 131072 bytes, linear)
[    0.379988] Table-perturb hash table entries: 65536 (order: 6, 262144 bytes, linear)
[    0.379988] TCP established hash table entries: 131072 (order: 8, 1048576 bytes, linear)
[    0.379988] TCP bind hash table entries: 65536 (order: 9, 2097152 bytes, linear)
[    0.379988] TCP: Hash tables configured (established 131072 bind 65536)
[    0.379988] UDP hash table entries: 8192 (order: 7, 524288 bytes, linear)
[    0.379988] UDP-Lite hash table entries: 8192 (order: 7, 524288 bytes, linear)
[    0.379988] NET: Registered PF_UNIX/PF_LOCAL protocol family
[    0.383900] RPC: Registered named UNIX socket transport module.
[    0.384097] RPC: Registered udp transport module.
[    0.384269] RPC: Registered tcp transport module.
[    0.384437] RPC: Registered tcp-with-tls transport module.
[    0.384622] RPC: Registered tcp NFSv4.1 backchannel transport module.
[    0.385065] pci_bus 0000:00: resource 4 [io  0x0000-0x0cf7 window]
[    0.385270] pci_bus 0000:00: resource 5 [io  0x0d00-0xffff window]
[    0.385475] pci_bus 0000:00: resource 6 [mem 0x000a0000-0x000bffff window]
[    0.385691] pci_bus 0000:00: resource 7 [mem 0xe0000000-0xfdffffff window]
[    0.385922] pci 0000:00:00.0: Limiting direct PCI/PCI transfers
[    0.386867] PCI: CLS 0 bytes, default 64
[    0.387054] PCI-DMA: Using software bounce buffering for IO (SWIOTLB)
[    0.387127] software IO TLB: mapped [mem 0x00000000dbff0000-0x00000000dfff0000] (64MB)
[    0.387127] RAPL PMU: API unit is 2^-32 Joules, 0 fixed counters, 10737418240 ms ovfl timer
[    0.387127] clocksource: tsc: mask: 0xffffffffffffffff max_cycles: 0x1e71768ef8b, max_idle_ns: 440795218977 ns
[    0.388319] clocksource: Switched to clocksource tsc
[    0.414160] platform rtc_cmos: registered platform RTC device (no PNP device found)
[    0.419867] Initialise system trusted keyrings
[    0.420153] workingset: timestamp_bits=40 max_order=22 bucket_order=0
[    0.420554] NFS: Registering the id_resolver key type
[    0.420733] Key type id_resolver registered
[    0.420884] Key type id_legacy registered
[    0.421089] 9p: Installing v9fs 9p2000 file system support
[    0.427425] Key type asymmetric registered
[    0.427614] Asymmetric key parser 'x509' registered
[    0.427802] Block layer SCSI generic (bsg) driver version 0.4 loaded (major 251)
[    0.428069] io scheduler mq-deadline registered
[    0.428233] io scheduler kyber registered
[    0.429345] ACPI: AC: AC Adapter [AC] (on-line)
[    0.429529] input: Power Button as /devices/LNXSYSTM:00/LNXPWRBN:00/input/input0
[    0.429814] ACPI: button: Power Button [PWRF]
[    0.429983] input: Sleep Button as /devices/LNXSYSTM:00/LNXSLPBN:00/input/input1
[    0.430264] ACPI: button: Sleep Button [SLPF]
[    0.430264] ACPI: video: Video Device [GFX0] (multi-head: yes  rom: no  post: no)
[    0.430264] input: Video Bus as /devices/LNXSYSTM:00/LNXSYBUS:00/PNP0A03:00/LNXVIDEO:00/input/input2
[    0.434800] Serial: 8250/16550 driver, 4 ports, IRQ sharing enabled
[    0.435280] Non-volatile memory driver v1.3
[    0.435431] Linux agpgart interface v0.103
[    0.435627] ACPI: bus type drm_connector registered
[    0.438565] loop: module loaded
[    0.438937] ahci 0000:00:0d.0: SSS flag set, parallel bus scan disabled
[    0.439209] ahci 0000:00:0d.0: AHCI vers 0001.0100, 32 command slots, 3 Gbps, SATA mode
[    0.439472] ahci 0000:00:0d.0: 1/1 ports implemented (port mask 0x1)
[    0.439668] ahci 0000:00:0d.0: flags: 64bit ncq stag only ccc 
[    0.440195] scsi host0: ahci
[    0.440341] ata1: SATA max UDMA/133 abar m8192@0xf0806000 port 0xf0806100 irq 21 lpm-pol 1
[    0.441056] scsi host1: ata_piix
[    0.441384] scsi host2: ata_piix
[    0.441529] ata2: PATA max UDMA/33 cmd 0x1f0 ctl 0x3f6 bmdma 0xd000 irq 14 lpm-pol 0
[    0.441787] ata3: PATA max UDMA/33 cmd 0x170 ctl 0x376 bmdma 0xd008 irq 15 lpm-pol 0
[    0.442206] e100: Intel(R) PRO/100 Network Driver
[    0.442371] e100: Copyright(c) 1999-2006 Intel Corporation
[    0.442555] e1000: Intel(R) PRO/1000 Network Driver
[    0.442724] e1000: Copyright (c) 1999-2006 Intel Corporation.
[    1.057850] ata3.00: ATAPI: VBOX CD-ROM, 1.0, max UDMA/133
[    1.162638] ata1: SATA link up 3.0 Gbps (SStatus 123 SControl 300)
[    1.163135] ata1.00: ATA-6: VBOX HARDDISK, 1.0, max UDMA/133
[    1.163345] ata1.00: 104857600 sectors, multi 128: LBA48 NCQ (depth 32)
[    1.163992] ata1.00: configured for UDMA/133
[    1.164338] scsi 0:0:0:0: Direct-Access     ATA      VBOX HARDDISK    1.0  PQ: 0 ANSI: 5
[    1.164889] sd 0:0:0:0: [sda] 104857600 512-byte logical blocks: (53.7 GB/50.0 GiB)
[    1.165279] sd 0:0:0:0: Attached scsi generic sg0 type 0
[    1.165466] sd 0:0:0:0: [sda] Write Protect is off
[    1.165641] sd 0:0:0:0: [sda] Mode Sense: 00 3a 00 00
[    1.165646] sd 0:0:0:0: [sda] Write cache: enabled, read cache: enabled, doesn't support DPO or FUA
[    1.165945] sd 0:0:0:0: [sda] Preferred minimum I/O size 512 bytes
[    1.166728] scsi 2:0:0:0: CD-ROM            VBOX     CD-ROM           1.0  PQ: 0 ANSI: 5
[    1.178630] e1000 0000:00:03.0 eth0: (PCI:33MHz:32-bit) 08:00:27:f1:3a:cf
[    1.178887] e1000 0000:00:03.0 eth0: Intel(R) PRO/1000 Network Connection
[    1.179113] e1000e: Intel(R) PRO/1000 Network Driver
[    1.179280] e1000e: Copyright(c) 1999 - 2015 Intel Corporation.
[    1.179473] sky2: driver version 1.30
[    1.179930] ehci-pci 0000:00:0b.0: EHCI Host Controller
[    1.180278] ehci-pci 0000:00:0b.0: new USB bus registered, assigned bus number 1
[    1.180666] ehci-pci 0000:00:0b.0: irq 19, io mem 0xf0805000
[    1.182730]  sda: sda1 sda2 sda3 sda4
[    1.183279] sd 0:0:0:0: [sda] Attached SCSI disk
[    1.213095] ehci-pci 0000:00:0b.0: USB 2.0 started, EHCI 1.00
[    1.213322] usb usb1: New USB device found, idVendor=1d6b, idProduct=0002, bcdDevice= 6.19
[    1.213613] usb usb1: New USB device strings: Mfr=3, Product=2, SerialNumber=1
[    1.213876] usb usb1: Product: EHCI Host Controller
[    1.214044] usb usb1: Manufacturer: Linux 6.19.0-thor_kernel ehci_hcd
[    1.214261] usb usb1: SerialNumber: 0000:00:0b.0
[    1.214660] hub 1-0:1.0: USB hub found
[    1.214811] hub 1-0:1.0: 12 ports detected
[    1.215070] ohci-pci 0000:00:06.0: OHCI PCI host controller
[    1.215448] ohci-pci 0000:00:06.0: new USB bus registered, assigned bus number 2
[    1.215763] ohci-pci 0000:00:06.0: irq 22, io mem 0xf0804000
[    1.216819] sr 2:0:0:0: [sr0] scsi3-mmc drive: 32x/32x xa/form2 tray
[    1.217027] cdrom: Uniform CD-ROM driver Revision: 3.20
[    1.281339] usb usb2: New USB device found, idVendor=1d6b, idProduct=0001, bcdDevice= 6.19
[    1.281654] usb usb2: New USB device strings: Mfr=3, Product=2, SerialNumber=1
[    1.281832] usb usb2: Product: OHCI PCI host controller
[    1.281832] usb usb2: Manufacturer: Linux 6.19.0-thor_kernel ohci_hcd
[    1.282417] usb usb2: SerialNumber: 0000:00:06.0
[    1.282879] hub 2-0:1.0: USB hub found
[    1.283033] hub 2-0:1.0: 12 ports detected
[    1.283419] usbcore: registered new interface driver usblp
[    1.283604] usbcore: registered new interface driver usb-storage
[    1.283842] i8042: PNP: PS/2 Controller [PNP0303:PS2K,PNP0f03:PS2M] at 0x60,0x64 irq 1,12
[    1.284561] serio: i8042 KBD port at 0x60,0x64 irq 1
[    1.284752] serio: i8042 AUX port at 0x60,0x64 irq 12
[    1.285278] input: AT Translated Set 2 keyboard as /devices/platform/i8042/serio0/input/input3
[    1.285801] sr 2:0:0:0: Attached scsi CD-ROM sr0
[    1.285887] sr 2:0:0:0: Attached scsi generic sg1 type 5
[    1.286185] rtc_cmos rtc_cmos: registered as rtc0
[    1.286419] rtc_cmos rtc_cmos: alarms up to one day, 114 bytes nvram
[    1.286710] device-mapper: ioctl: 4.50.0-ioctl (2025-04-28) initialised: dm-devel@lists.linux.dev
[    1.287003] intel_pstate: CPU model not supported
[    1.287179] hid: raw HID events driver (C) Jiri Kosina
[    1.287415] usbcore: registered new interface driver usbhid
[    1.287594] usbhid: USB HID core driver
[    1.288282] Initializing XFRM netlink socket
[    1.288461] NET: Registered PF_INET6 protocol family
[    1.289192] Segment Routing with IPv6
[    1.289348] In-situ OAM (IOAM) with IPv6
[    1.289520] sit: IPv6, IPv4 and MPLS over IPv4 tunneling driver
[    1.289844] NET: Registered PF_PACKET protocol family
[    1.290035] 9pnet: Installing 9P2000 support
[    1.290206] Key type dns_resolver registered
[    1.291060] input: ImExPS/2 Generic Explorer Mouse as /devices/platform/i8042/serio1/input/input5
[    1.292331] IPI shorthand broadcast: enabled
[    1.293711] sched_clock: Marking stable (1267017867, 26605875)->(1569951419, -276327677)
[    1.294520] registered taskstats version 1
[    1.294683] Loading compiled-in X.509 certificates
[    1.295722] Demotion targets for Node 0: null
[    1.295909] PM:   Magic number: 10:785:878
[    1.296060] PM:   hash matches drivers/base/power/main.c:1128
[    1.296277] netconsole: network logging started
[    1.296456] cfg80211: Loading compiled-in X.509 certificates for regulatory database
[    1.296823] kworker/u73:2 (168) used greatest stack depth: 14032 bytes left
[    1.297157] Loaded X.509 cert 'sforshee: 00b28ddf47aef9cea7'
[    1.297413] Loaded X.509 cert 'wens: 61c038651aabdcf94bd0ac7ff06c7248db18c600'
[    1.297681] faux_driver regulatory: Direct firmware load for regulatory.db failed with error -2
[    1.297966] cfg80211: failed to load regulatory.db
[    1.298146] ALSA device list:
[    1.298279]   No soundcards found.
[    1.298426] check access for rdinit=/init failed: -2, ignoring
[    1.298616] md: Waiting for all devices to be available before autodetect
[    1.298835] md: If you don't use raid, use raid=noautodetect
[    1.299021] md: Autodetecting RAID arrays.
[    1.299172] md: autorun ...
[    1.299295] md: ... autorun DONE.
[    1.303058] EXT4-fs (sda4): mounted filesystem 136a72be-3f5c-4e94-9e01-ceeab7e58c72 ro with ordered data mode. Quota mode: none.
[    1.303417] VFS: Mounted root (ext4 filesystem) readonly on device 8:4.
[    1.304892] devtmpfs: mounted
[    1.305580] Freeing unused kernel image (initmem) memory: 2844K
[    1.305927] Write protecting the kernel read-only data: 28672k
[    1.306637] Freeing unused kernel image (text/rodata gap) memory: 1292K
[    1.307033] Freeing unused kernel image (rodata/data gap) memory: 564K
[    1.338013] x86/mm: Checked W+X mappings: passed, no W+X pages found.
[    1.338215] x86/mm: Checking user space page tables
[    1.388082] x86/mm: Checked W+X mappings: passed, no W+X pages found.
[    1.388288] Run /sbin/init as init process
[    1.388464]   with arguments:
[    1.388466]     /sbin/init
[    1.388466]   with environment:
[    1.388467]     HOME=/
[    1.388467]     TERM=linux
[    2.229499] usb 2-1: new full-speed USB device number 2 using ohci-pci
[    2.546694] systemd[1]: systemd 257.8 running in system mode (-PAM -AUDIT -SELINUX -APPARMOR +IMA +IPE +SMACK -SECCOMP -GCRYPT -GNUTLS +OPENSSL +ACL +BLKID -CURL +ELFUTILS -FIDO2 -IDN2 -IDN -IPTC +KMOD -LIBCRYPTSETUP -LIBCRYPTSETUP_PLUGINS +LIBFDISK -PCRE2 -PWQUALITY -P11KIT -QRENCODE -TPM2 +BZIP2 +LZ4 +XZ +ZLIB +ZSTD -BPF_FRAMEWORK -BTF -XKBCOMMON +UTMP +SYSVINIT -LIBARCHIVE)
[    2.547604] systemd[1]: Detected virtualization oracle.
[    2.547782] systemd[1]: Detected architecture x86-64.
[    2.550225] systemd[1]: Hostname set to <vburton>.
[    2.557509] systemd-run-gen (194) used greatest stack depth: 12568 bytes left
[    2.613561] systemd[1]: /etc/systemd/system/sshd.service:1: Unknown section 'init'. Ignoring.
[    2.613858] systemd[1]: /etc/systemd/system/sshd.service:9: Unknown key 'ExecReloqd' in section [Service], ignoring.
[    2.665314] systemd[1]: Queued start job for default target Graphical Interface.
[    3.199378] systemd[1]: Created slice Slice /system/getty.
[    3.199927] systemd[1]: Created slice Slice /system/modprobe.
[    3.200422] systemd[1]: Created slice Slice /system/systemd-fsck.
[    3.200906] systemd[1]: Created slice User and Session Slice.
[    3.201308] systemd[1]: Started Dispatch Password Requests to Console Directory Watch.
[    3.201832] systemd[1]: Started Forward Password Requests to Wall Directory Watch.
[    3.202429] systemd[1]: Set up automount Arbitrary Executable File Formats File System Automount Point.
[    3.206942] systemd[1]: Expecting device /dev/disk/by-uuid/c3e5b9e7-0e86-4dab-9851-9dd39b2ede1b...
[    3.207497] systemd[1]: Expecting device /dev/disk/by-uuid/d692061e-ab2e-42a4-a3aa-03ceb03f32cf...
[    3.209980] systemd[1]: Reached target Path Units.
[    3.210329] systemd[1]: Reached target Remote File Systems.
[    3.210702] systemd[1]: Reached target Slice Units.
[    3.213066] systemd[1]: Listening on Process Core Dump Socket.
[    3.214168] systemd[1]: Listening on Credential Encryption/Decryption.
[    3.214631] systemd[1]: Listening on initctl Compatibility Named Pipe.
[    3.215287] systemd[1]: Listening on Journal Audit Socket.
[    3.215730] systemd[1]: Listening on Journal Socket (/dev/log).
[    3.216223] systemd[1]: Listening on Journal Sockets.
[    3.216600] systemd[1]: Listening on DDI File System Mounter Socket.
[    3.217081] systemd[1]: Listening on Network Service Netlink Socket.
[    3.217518] systemd[1]: Listening on Namespace Resource Manager Socket.
[    3.217980] systemd[1]: Listening on Userspace Out-Of-Memory (OOM) Killer Socket.
[    3.218747] systemd[1]: Listening on udev Control Socket.
[    3.219148] systemd[1]: Listening on udev Kernel Socket.
[    3.220843] systemd[1]: Mounting Huge Pages File System...
[    3.221629] systemd[1]: Mounting POSIX Message Queue File System...
[    3.222361] systemd[1]: Mounting Kernel Debug File System...
[    3.223184] systemd[1]: Mounting Kernel Trace File System...
[    3.223865] systemd[1]: Create List of Static Device Nodes was skipped because of an unmet condition check (ConditionFileNotEmpty=/lib/modules/6.19.0-thor_kernel/modules.devname).
[    3.224993] systemd[1]: Starting Load Kernel Module configfs...
[    3.226104] systemd[1]: Starting Load Kernel Module dm_mod...
[    3.226998] systemd[1]: Starting Load Kernel Module drm...
[    3.227979] systemd[1]: Starting Load Kernel Module efi_pstore...
[    3.229114] usb 2-1: New USB device found, idVendor=80ee, idProduct=0021, bcdDevice= 1.00
[    3.229400] usb 2-1: New USB device strings: Mfr=1, Product=3, SerialNumber=0
[    3.229632] usb 2-1: Product: USB Tablet
[    3.229824] usb 2-1: Manufacturer: VirtualBox
[    3.230213] systemd[1]: Starting Load Kernel Module fuse...
[    3.230727] modprobe (214) used greatest stack depth: 12376 bytes left
[    3.231033] systemd[1]: Starting Load Kernel Module loop...
[    3.233179] systemd[1]: Starting File System Check on Root Device...
[    3.233657] systemd[1]: Clear Stale Hibernate Storage Info was skipped because of an unmet condition check (ConditionPathExists=/sys/firmware/efi/efivars/HibernateLocation-8cf2644b-4b0b-428f-9387-6d876050dc67).
[    3.234461] systemd[1]: systemd-journald.service: unit configures an IP firewall, but the local system does not support BPF/cgroup firewalling.
[    3.234898] systemd[1]: systemd-journald.service: (This warning is only shown for the first unit using IP firewalling.)
[    3.235531] systemd[1]: Starting Journal Service...
[    3.238116] systemd[1]: Load Kernel Modules was skipped because no trigger condition checks were met.
[    3.238812] systemd[1]: Starting Generate network units from Kernel command line...
[    3.239689] systemd[1]: Starting Userspace Out-Of-Memory (OOM) Killer...
[    3.240605] systemd[1]: Starting Apply Kernel Variables...
[    3.240892] input: VirtualBox USB Tablet as /devices/pci0000:00/0000:00:06.0/usb2/2-1/2-1:1.0/0003:80EE:0021.0001/input/input6
[    3.241864] hid-generic 0003:80EE:0021.0001: input,hidraw0: USB HID v1.10 Mouse [VirtualBox USB Tablet] on usb-0000:00:06.0-1/input0
[    3.241910] systemd[1]: Starting Create Static Device Nodes in /dev gracefully...
[    3.242494] systemd-journald[226]: Collecting audit messages is enabled.
[    3.243486] systemd[1]: Starting Load udev Rules from Credentials...
[    3.244340] systemd[1]: Starting Coldplug All udev Devices...
[    3.245599] systemd[1]: Mounted Huge Pages File System.
[    3.246110] systemd[1]: Mounted POSIX Message Queue File System.
[    3.246772] systemd[1]: Mounted Kernel Debug File System.
[    3.247222] systemd[1]: Mounted Kernel Trace File System.
[    3.247830] systemd[1]: modprobe@configfs.service: Deactivated successfully.
[    3.248180] systemd[1]: Finished Load Kernel Module configfs.
[    3.248721] systemd[1]: modprobe@dm_mod.service: Deactivated successfully.
[    3.249158] systemd[1]: Finished Load Kernel Module dm_mod.
[    3.249714] systemd[1]: modprobe@drm.service: Deactivated successfully.
[    3.250137] systemd[1]: Finished Load Kernel Module drm.
[    3.250641] systemd[1]: Started Journal Service.
[    3.294277] udevadm (238) used greatest stack depth: 11928 bytes left
[    6.142868] EXT4-fs (sda4): re-mounted 136a72be-3f5c-4e94-9e01-ceeab7e58c72 r/w.
[    6.588949] systemd-journald[226]: Received client request to flush runtime journal.
[    6.666542] e1000 0000:00:03.0 enp0s3: renamed from eth0
[    6.702567] e1000: enp0s3 NIC Link is Up 1000 Mbps Full Duplex, Flow Control: RX
[    6.714309] Adding 2097148k swap on /dev/sda3.  Priority:1 extents:1 across:2097148k 
[    6.765965] EXT4-fs (sda2): mounted filesystem d692061e-ab2e-42a4-a3aa-03ceb03f32cf r/w with ordered data mode. Quota mode: none.
