[    0.000000] Linux version 6.19.0-rc4-next-20260109 (root@vburton) (gcc (GCC) 15.2.0, GNU ld (GNU Binutils) 2.45) #1 SMP PREEMPT_DYNAMIC Fri Jan  9 12:26:45 CET 2026
[    0.000000] Command line: BOOT_IMAGE=/vmlinuz-torvalds-master root=/dev/sda4 ro
[    0.000000] BIOS-provided physical RAM map:
[    0.000000] BIOS-e820: [mem 0x0000000000000000-0x000000000009fbff]  System RAM
[    0.000000] BIOS-e820: [mem 0x000000000009fc00-0x000000000009ffff]  device reserved
[    0.000000] BIOS-e820: [gap 0x00000000000a0000-0x00000000000effff]
[    0.000000] BIOS-e820: [mem 0x00000000000f0000-0x00000000000fffff]  device reserved
[    0.000000] BIOS-e820: [mem 0x0000000000100000-0x00000000bffddfff]  System RAM
[    0.000000] BIOS-e820: [mem 0x00000000bffde000-0x00000000bfffffff]  device reserved
[    0.000000] BIOS-e820: [gap 0x00000000c0000000-0x00000000feffbfff]
[    0.000000] BIOS-e820: [mem 0x00000000feffc000-0x00000000feffffff]  device reserved
[    0.000000] BIOS-e820: [gap 0x00000000ff000000-0x00000000fffbffff]
[    0.000000] BIOS-e820: [mem 0x00000000fffc0000-0x00000000ffffffff]  device reserved
[    0.000000] BIOS-e820: [mem 0x0000000100000000-0x000000023fffffff]  System RAM
[    0.000000] NX (Execute Disable) protection: active
[    0.000000] APIC: Static calls initialized
[    0.000000] SMBIOS 2.8 present.
[    0.000000] DMI: QEMU Standard PC (i440FX + PIIX, 1996), BIOS 1.15.0-1 04/01/2014
[    0.000000] DMI: Memory slots populated: 1/1
[    0.000000] Hypervisor detected: KVM
[    0.000000] last_pfn = 0xbffde max_arch_pfn = 0x400000000
[    0.000000] kvm-clock: Using msrs 4b564d01 and 4b564d00
[    0.000000] kvm-clock: using sched offset of 2100796267 cycles
[    0.000001] clocksource: kvm-clock: mask: 0xffffffffffffffff max_cycles: 0x1cd42e4dffb, max_idle_ns: 881590591483 ns
[    0.000003] tsc: Detected 2112.000 MHz processor
[    0.000462] e820: update [mem 0x00000000-0x00000fff] System RAM ==> device reserved
[    0.000463] e820: remove [mem 0x000a0000-0x000fffff] System RAM
[    0.000465] last_pfn = 0x240000 max_arch_pfn = 0x400000000
[    0.000484] MTRR map: 4 entries (3 fixed + 1 variable; max 19), built from 8 variable MTRRs
[    0.000485] x86/PAT: Configuration [0-7]: WB  WC  UC- UC  WB  WP  UC- WT  
[    0.000509] last_pfn = 0xbffde max_arch_pfn = 0x400000000
[    0.002563] found SMP MP-table at [mem 0x000f5b90-0x000f5b9f]
[    0.002568] Using GB pages for direct mapping
[    0.002616] ACPI: Early table checksum verification disabled
[    0.002618] ACPI: RSDP 0x00000000000F59B0 000014 (v00 BOCHS )
[    0.002623] ACPI: RSDT 0x00000000BFFE1D14 000034 (v01 BOCHS  BXPC     00000001 BXPC 00000001)
[    0.002625] ACPI: FACP 0x00000000BFFE1B70 000074 (v01 BOCHS  BXPC     00000001 BXPC 00000001)
[    0.002627] ACPI: DSDT 0x00000000BFFE0040 001B30 (v01 BOCHS  BXPC     00000001 BXPC 00000001)
[    0.002629] ACPI: FACS 0x00000000BFFE0000 000040
[    0.002630] ACPI: APIC 0x00000000BFFE1BE4 0000D0 (v01 BOCHS  BXPC     00000001 BXPC 00000001)
[    0.002631] ACPI: HPET 0x00000000BFFE1CB4 000038 (v01 BOCHS  BXPC     00000001 BXPC 00000001)
[    0.002632] ACPI: WAET 0x00000000BFFE1CEC 000028 (v01 BOCHS  BXPC     00000001 BXPC 00000001)
[    0.002633] ACPI: Reserving FACP table memory at [mem 0xbffe1b70-0xbffe1be3]
[    0.002634] ACPI: Reserving DSDT table memory at [mem 0xbffe0040-0xbffe1b6f]
[    0.002634] ACPI: Reserving FACS table memory at [mem 0xbffe0000-0xbffe003f]
[    0.002634] ACPI: Reserving APIC table memory at [mem 0xbffe1be4-0xbffe1cb3]
[    0.002635] ACPI: Reserving HPET table memory at [mem 0xbffe1cb4-0xbffe1ceb]
[    0.002635] ACPI: Reserving WAET table memory at [mem 0xbffe1cec-0xbffe1d13]
[    0.002771] No NUMA configuration found
[    0.002771] Faking a node at [mem 0x0000000000000000-0x000000023fffffff]
[    0.002773] NODE_DATA(0) allocated [mem 0x23fffc900-0x23fffffff]
[    0.003252] ACPI: PM-Timer IO Port: 0x608
[    0.003258] ACPI: LAPIC_NMI (acpi_id[0xff] dfl dfl lint[0x1])
[    0.003275] IOAPIC[0]: apic_id 0, version 17, address 0xfec00000, GSI 0-23
[    0.003277] ACPI: INT_SRC_OVR (bus 0 bus_irq 0 global_irq 2 dfl dfl)
[    0.003277] ACPI: INT_SRC_OVR (bus 0 bus_irq 5 global_irq 5 high level)
[    0.003278] ACPI: INT_SRC_OVR (bus 0 bus_irq 9 global_irq 9 high level)
[    0.003278] ACPI: INT_SRC_OVR (bus 0 bus_irq 10 global_irq 10 high level)
[    0.003279] ACPI: INT_SRC_OVR (bus 0 bus_irq 11 global_irq 11 high level)
[    0.003281] ACPI: Using ACPI (MADT) for SMP configuration information
[    0.003281] ACPI: HPET id: 0x8086a201 base: 0xfed00000
[    0.003282] TSC deadline timer available
[    0.003285] CPU topo: Max. logical packages:   1
[    0.003285] CPU topo: Max. logical dies:       1
[    0.003286] CPU topo: Max. dies per package:   1
[    0.003288] CPU topo: Max. threads per core:   1
[    0.003288] CPU topo: Num. cores per package:    12
[    0.003289] CPU topo: Num. threads per package:  12
[    0.003289] CPU topo: Allowing 12 present CPUs plus 0 hotplug CPUs
[    0.003296] kvm-guest: APIC: eoi() replaced with kvm_guest_apic_eoi_write()
[    0.003302] kvm-guest: KVM setup pv remote TLB flush
[    0.003304] kvm-guest: setup PV sched yield
[    0.003307] PM: hibernation: Registered nosave memory: [mem 0x00000000-0x00000fff]
[    0.003308] PM: hibernation: Registered nosave memory: [mem 0x0009f000-0x000fffff]
[    0.003309] PM: hibernation: Registered nosave memory: [mem 0xbffde000-0xffffffff]
[    0.003309] [gap 0xc0000000-0xfeffbfff] available for PCI devices
[    0.003310] Booting paravirtualized kernel on KVM
[    0.003311] clocksource: refined-jiffies: mask: 0xffffffff max_cycles: 0xffffffff, max_idle_ns: 1910969940391419 ns
[    0.007524] Zone ranges:
[    0.007525]   DMA      [mem 0x0000000000001000-0x0000000000ffffff]
[    0.007526]   DMA32    [mem 0x0000000001000000-0x00000000ffffffff]
[    0.007527]   Normal   [mem 0x0000000100000000-0x000000023fffffff]
[    0.007528] Movable zone start for each node
[    0.007528] Early memory node ranges
[    0.007528]   node   0: [mem 0x0000000000001000-0x000000000009efff]
[    0.007529]   node   0: [mem 0x0000000000100000-0x00000000bffddfff]
[    0.007530]   node   0: [mem 0x0000000100000000-0x000000023fffffff]
[    0.007530] Initmem setup node 0 [mem 0x0000000000001000-0x000000023fffffff]
[    0.007797] On node 0, zone DMA: 1 pages in unavailable ranges
[    0.007811] On node 0, zone DMA: 97 pages in unavailable ranges
[    0.034018] On node 0, zone Normal: 34 pages in unavailable ranges
[    0.034023] setup_percpu: NR_CPUS:64 nr_cpumask_bits:12 nr_cpu_ids:12 nr_node_ids:1
[    0.034825] percpu: Embedded 52 pages/cpu s175576 r8192 d29224 u262144
[    0.034828] pcpu-alloc: s175576 r8192 d29224 u262144 alloc=1*2097152
[    0.034829] pcpu-alloc: [0] 00 01 02 03 04 05 06 07 [0] 08 09 10 11 -- -- -- -- 
[    0.034852] Kernel command line: BOOT_IMAGE=/vmlinuz-torvalds-master root=/dev/sda4 ro
[    0.034869] random: crng init done
[    0.034870] printk: log buffer data + meta data: 262144 + 917504 = 1179648 bytes
[    0.036249] Dentry cache hash table entries: 1048576 (order: 11, 8388608 bytes, linear)
[    0.036932] Inode-cache hash table entries: 524288 (order: 10, 4194304 bytes, linear)
[    0.037022] software IO TLB: area num 16.
[    0.054289] Fallback order for Node 0: 0 
[    0.054294] Built 1 zonelists, mobility grouping on.  Total pages: 2097020
[    0.054295] Policy zone: Normal
[    0.054296] mem auto-init: stack:all(zero), heap alloc:off, heap free:off
[    0.069220] SLUB: HWalign=64, Order=0-3, MinObjects=0, CPUs=12, Nodes=1
[    0.069922] Dynamic Preempt: voluntary
[    0.070244] rcu: Preemptible hierarchical RCU implementation.
[    0.070245] rcu: 	RCU event tracing is enabled.
[    0.070245] rcu: 	RCU restricting CPUs from NR_CPUS=64 to nr_cpu_ids=12.
[    0.070246] 	Trampoline variant of Tasks RCU enabled.
[    0.070246] 	Tracing variant of Tasks RCU enabled.
[    0.070247] rcu: RCU calculated value of scheduler-enlistment delay is 100 jiffies.
[    0.070247] rcu: Adjusting geometry for rcu_fanout_leaf=16, nr_cpu_ids=12
[    0.070254] RCU Tasks: Setting shift to 4 and lim to 1 rcu_task_cb_adjust=1 rcu_task_cpu_ids=12.
[    0.072130] NR_IRQS: 4352, nr_irqs: 520, preallocated irqs: 16
[    0.072304] rcu: srcu_init: Setting srcu_struct sizes based on contention.
[    0.076505] Console: colour VGA+ 80x25
[    0.076507] printk: legacy console [tty0] enabled
[    0.092921] ACPI: Core revision 20250807
[    0.093089] clocksource: hpet: mask: 0xffffffff max_cycles: 0xffffffff, max_idle_ns: 19112604467 ns
[    0.093341] APIC: Switch to symmetric I/O mode setup
[    0.093571] x2apic enabled
[    0.093810] APIC: Switched APIC routing to: physical x2apic
[    0.093939] kvm-guest: APIC: send_IPI_mask() replaced with kvm_send_ipi_mask()
[    0.094108] kvm-guest: APIC: send_IPI_mask_allbutself() replaced with kvm_send_ipi_mask_allbutself()
[    0.094304] kvm-guest: setup PV IPIs
[    0.094983] ..TIMER: vector=0x30 apic1=0 pin1=2 apic2=-1 pin2=-1
[    0.095129] clocksource: tsc-early: mask: 0xffffffffffffffff max_cycles: 0x1e71785e5dd, max_idle_ns: 440795244814 ns
[    0.095382] Calibrating delay loop (skipped) preset value.. 4224.00 BogoMIPS (lpj=2112000)
[    0.095744] x86/cpu: User Mode Instruction Prevention (UMIP) activated
[    0.095918] Last level iTLB entries: 4KB 0, 2MB 0, 4MB 0
[    0.096043] Last level dTLB entries: 4KB 0, 2MB 0, 4MB 0, 1GB 0
[    0.096178] mitigations: Enabled attack vectors: user_kernel, user_user, SMT mitigations: auto
[    0.096370] Speculative Store Bypass: Mitigation: Speculative Store Bypass disabled via prctl
[    0.096381] Spectre V2 : Mitigation: Enhanced / Automatic IBRS
[    0.096511] ITS: Mitigation: Aligned branch/return thunks
[    0.096633] Spectre V1 : Mitigation: usercopy/swapgs barriers and __user pointer sanitization
[    0.096817] Spectre V2 : Spectre v2 / PBRSB-eIBRS: Retire a single CALL on VMEXIT
[    0.096993] Spectre V2 : mitigation: Enabling conditional Indirect Branch Prediction Barrier
[    0.097178] active return thunk: its_return_thunk
[    0.097391] x86/fpu: Supporting XSAVE feature 0x001: 'x87 floating point registers'
[    0.097575] x86/fpu: Supporting XSAVE feature 0x002: 'SSE registers'
[    0.097721] x86/fpu: Supporting XSAVE feature 0x004: 'AVX registers'
[    0.097868] x86/fpu: Supporting XSAVE feature 0x200: 'Protection Keys User registers'
[    0.098059] x86/fpu: xstate_offset[2]:  576, xstate_sizes[2]:  256
[    0.098201] x86/fpu: xstate_offset[9]:  832, xstate_sizes[9]:    8
[    0.098380] x86/fpu: Enabled xstate features 0x207, context size is 840 bytes, using 'compacted' format.
[    0.110269] Freeing SMP alternatives memory: 56K
[    0.110381] pid_max: default: 32768 minimum: 301
[    0.110530] SELinux:  Initializing.
[    0.111382] Mount-cache hash table entries: 16384 (order: 5, 131072 bytes, linear)
[    0.111574] Mountpoint-cache hash table entries: 16384 (order: 5, 131072 bytes, linear)
[    0.111928] smpboot: CPU0: 12th Gen Intel(R) Core(TM) i7-12700 (family: 0x6, model: 0x97, stepping: 0x2)
[    0.112380] Performance Events: Alderlake Hybrid events, full-width counters, Intel PMU driver.
[    0.112446] core: The event 0x400 is not supported as a normal event.
[    0.112596] core: The event 0x8000 is not supported as a normal event.
[    0.112743] core: The event 0x8100 is not supported as a normal event.
[    0.112888] core: The event 0x8200 is not supported as a normal event.
[    0.113037] core: The event 0x8300 is not supported as a normal event.
[    0.113186] core: The event 0x8400 is not supported as a normal event.
[    0.113334] core: The event 0x8500 is not supported as a normal event.
[    0.113381] core: The event 0x8600 is not supported as a normal event.
[    0.113527] core: The event 0x8700 is not supported as a normal event.
[    0.113689] core: cpu_core PMU driver: 
[    0.113799] ... version:                   2
[    0.113914] ... bit width:                 48
[    0.114033] ... generic counters:          6
[    0.114148] ... generic bitmap:            000000000000003f
[    0.114282] ... fixed-purpose counters:    3
[    0.114381] ... fixed-purpose bitmap:      0000000000000007
[    0.114517] ... value mask:                0000ffffffffffff
[    0.114653] ... max period:                00007fffffffffff
[    0.114790] ... global_ctrl mask:          000100070000003f
[    0.114945] signal: max sigframe size: 3632
[    0.115073] rcu: Hierarchical SRCU implementation.
[    0.115199] rcu: 	Max phase no-delay instances is 400.
[    0.115344] Timer migration: 2 hierarchy levels; 8 children per group; 2 crossnode level
[    0.116845] smp: Bringing up secondary CPUs ...
[    0.117016] smpboot: x86: Booting SMP configuration:
[    0.117144] .... node  #0, CPUs:        #1  #2  #3  #4  #5  #6  #7  #8  #9 #10 #11
[    0.120571] smp: Brought up 1 node, 12 CPUs
[    0.121382] smpboot: Total of 12 processors activated (50688.00 BogoMIPS)
[    0.122073] Memory: 8125748K/8388080K available (19235K kernel code, 2919K rwdata, 7644K rodata, 2848K init, 760K bss, 253920K reserved, 0K cma-reserved)
[    0.122637] devtmpfs: initialized
[    0.122676] clocksource: jiffies: mask: 0xffffffff max_cycles: 0xffffffff, max_idle_ns: 1911260446275000 ns
[    0.122676] posixtimers hash table entries: 8192 (order: 5, 131072 bytes, linear)
[    0.123393] futex hash table entries: 4096 (262144 bytes on 1 NUMA nodes, total 256 KiB, linear).
[    0.123658] PM: RTC time: 13:16:38, date: 2026-01-09
[    0.123953] NET: Registered PF_NETLINK/PF_ROUTE protocol family
[    0.124140] audit: initializing netlink subsys (disabled)
[    0.124396] audit: type=2000 audit(1767964598.389:1): state=initialized audit_enabled=0 res=1
[    0.124418] thermal_sys: Registered thermal governor 'step_wise'
[    0.124851] cpuidle: using governor menu
[    0.124851] PCI: Using configuration type 1 for base access
[    0.125422] kprobes: kprobe jump-optimization is enabled. All kprobes are optimized if possible.
[    0.125653] HugeTLB: registered 2.00 MiB page size, pre-allocated 0 pages
[    0.125653] HugeTLB: 28 KiB vmemmap can be freed for a 2.00 MiB page
[    0.126654] ACPI: Added _OSI(Module Device)
[    0.126779] ACPI: Added _OSI(Processor Device)
[    0.126901] ACPI: Added _OSI(Processor Aggregator Device)
[    0.127448] ACPI: 1 ACPI AML tables successfully acquired and loaded
[    0.127767] ACPI: \_SB_: platform _OSC: OS support mask [002a7eee]
[    0.127767] ACPI: Interpreter enabled
[    0.128387] ACPI: PM: (supports S0 S3 S4 S5)
[    0.128507] ACPI: Using IOAPIC for interrupt routing
[    0.128645] PCI: Using host bridge windows from ACPI; if necessary, use "pci=nocrs" and report a bug
[    0.128864] PCI: Using E820 reservations for host bridge windows
[    0.129044] ACPI: Enabled 2 GPEs in block 00 to 0F
[    0.130118] ACPI: PCI Root Bridge [PCI0] (domain 0000 [bus 00-ff])
[    0.130272] acpi PNP0A03:00: _OSC: OS supports [ASPM ClockPM Segments MSI HPX-Type3]
[    0.130381] acpi PNP0A03:00: _OSC: not requesting OS control; OS requires [ExtendedConfig ASPM ClockPM MSI]
[    0.130610] acpi PNP0A03:00: _OSC: platform retains control of PCIe features (AE_ERROR)
[    0.130815] acpi PNP0A03:00: fail to add MMCONFIG information, can't access extended configuration space under this bridge
[    0.131101] PCI host bridge to bus 0000:00
[    0.131223] pci_bus 0000:00: root bus resource [io  0x0000-0x0cf7 window]
[    0.131382] pci_bus 0000:00: root bus resource [io  0x0d00-0xffff window]
[    0.131541] pci_bus 0000:00: root bus resource [mem 0x000a0000-0x000bffff window]
[    0.131733] pci_bus 0000:00: root bus resource [mem 0xc0000000-0xfebfffff window]
[    0.131925] pci_bus 0000:00: root bus resource [mem 0x240000000-0x2bfffffff window]
[    0.132117] pci_bus 0000:00: root bus resource [bus 00-ff]
[    0.132279] pci 0000:00:00.0: [8086:1237] type 00 class 0x060000 conventional PCI endpoint
[    0.132740] pci 0000:00:01.0: [8086:7000] type 00 class 0x060100 conventional PCI endpoint
[    0.133192] pci 0000:00:01.1: [8086:7010] type 00 class 0x010180 conventional PCI endpoint
[    0.133810] pci 0000:00:01.1: BAR 4 [io  0xc040-0xc04f]
[    0.133965] pci 0000:00:01.1: BAR 0 [io  0x01f0-0x01f7]: legacy IDE quirk
[    0.134124] pci 0000:00:01.1: BAR 1 [io  0x03f6]: legacy IDE quirk
[    0.134274] pci 0000:00:01.1: BAR 2 [io  0x0170-0x0177]: legacy IDE quirk
[    0.134381] pci 0000:00:01.1: BAR 3 [io  0x0376]: legacy IDE quirk
[    0.134606] pci 0000:00:01.3: [8086:7113] type 00 class 0x068000 conventional PCI endpoint
[    0.134994] pci 0000:00:01.3: quirk: [io  0x0600-0x063f] claimed by PIIX4 ACPI
[    0.135186] pci 0000:00:01.3: quirk: [io  0x0700-0x070f] claimed by PIIX4 SMB
[    0.135499] pci 0000:00:02.0: [1af4:1050] type 00 class 0x030000 conventional PCI endpoint
[    0.136957] pci 0000:00:02.0: BAR 0 [mem 0xfe000000-0xfe7fffff pref]
[    0.137130] pci 0000:00:02.0: BAR 2 [mem 0xfe800000-0xfe803fff 64bit pref]
[    0.137303] pci 0000:00:02.0: BAR 4 [mem 0xfebb4000-0xfebb4fff]
[    0.137389] pci 0000:00:02.0: ROM [mem 0xfeba0000-0xfebaffff pref]
[    0.137564] pci 0000:00:02.0: Video device with shadowed ROM at [mem 0x000c0000-0x000dffff]
[    0.138172] pci 0000:00:03.0: [8086:100e] type 00 class 0x020000 conventional PCI endpoint
[    0.139107] pci 0000:00:03.0: BAR 0 [mem 0xfeb80000-0xfeb9ffff]
[    0.139258] pci 0000:00:03.0: BAR 1 [io  0xc000-0xc03f]
[    0.139401] pci 0000:00:03.0: ROM [mem 0xfeb00000-0xfeb7ffff pref]
[    0.139757] pci 0000:00:04.0: [1b36:000d] type 00 class 0x0c0330 conventional PCI endpoint
[    0.140355] pci 0000:00:04.0: BAR 0 [mem 0xfebb0000-0xfebb3fff 64bit]
[    0.141320] ACPI: PCI: Interrupt link LNKA configured for IRQ 10
[    0.141424] ACPI: PCI: Interrupt link LNKB configured for IRQ 10
[    0.141609] ACPI: PCI: Interrupt link LNKC configured for IRQ 11
[    0.141794] ACPI: PCI: Interrupt link LNKD configured for IRQ 11
[    0.141970] ACPI: PCI: Interrupt link LNKS configured for IRQ 9
[    0.142321] iommu: Default domain type: Translated
[    0.142381] iommu: DMA domain TLB invalidation policy: lazy mode
[    0.143417] SCSI subsystem initialized
[    0.143527] libata version 3.00 loaded.
[    0.143527] ACPI: bus type USB registered
[    0.143527] usbcore: registered new interface driver usbfs
[    0.143667] usbcore: registered new interface driver hub
[    0.143814] usbcore: registered new device driver usb
[    0.143953] pps_core: LinuxPPS API ver. 1 registered
[    0.144381] pps_core: Software ver. 5.3.6 - Copyright 2005-2007 Rodolfo Giometti <giometti@linux.it>
[    0.144604] PTP clock support registered
[    0.144728] Advanced Linux Sound Architecture Driver Initialized.
[    0.144728] NetLabel: Initializing
[    0.144784] NetLabel:  domain hash size = 128
[    0.144909] NetLabel:  protocols = UNLABELED CIPSOv4 CALIPSO
[    0.145389] NetLabel:  unlabeled traffic allowed by default
[    0.145535] PCI: Using ACPI for IRQ routing
[    0.145535] PCI: pci_cache_line_size set to 64 bytes
[    0.145564] e820: register RAM buffer resource [mem 0x0009fc00-0x0009ffff]
[    0.145725] e820: register RAM buffer resource [mem 0xbffde000-0xbfffffff]
[    0.145893] pci 0000:00:02.0: vgaarb: setting as boot VGA device
[    0.145893] pci 0000:00:02.0: vgaarb: bridge control possible
[    0.145893] pci 0000:00:02.0: vgaarb: VGA device added: decodes=io+mem,owns=io+mem,locks=none
[    0.146381] vgaarb: loaded
[    0.146499] hpet0: at MMIO 0xfed00000, IRQs 2, 8, 0
[    0.146630] hpet0: 3 comparators, 64-bit 100.000000 MHz counter
[    0.150576] clocksource: Switched to clocksource kvm-clock
[    0.151197] VFS: Disk quotas dquot_6.6.0
[    0.151325] VFS: Dquot-cache hash table entries: 512 (order 0, 4096 bytes)
[    0.151365] pnp: PnP ACPI init
[    0.151502] pnp 00:02: [dma 2]
[    0.151591] pnp: PnP ACPI: found 6 devices
[    0.157207] clocksource: acpi_pm: mask: 0xffffff max_cycles: 0xffffff, max_idle_ns: 2085701024 ns
[    0.157456] NET: Registered PF_INET protocol family
[    0.157756] IP idents hash table entries: 131072 (order: 8, 1048576 bytes, linear)
[    0.158657] tcp_listen_portaddr_hash hash table entries: 4096 (order: 4, 65536 bytes, linear)
[    0.158880] Table-perturb hash table entries: 65536 (order: 6, 262144 bytes, linear)
[    0.159084] TCP established hash table entries: 65536 (order: 7, 524288 bytes, linear)
[    0.159320] TCP bind hash table entries: 65536 (order: 9, 2097152 bytes, linear)
[    0.159827] TCP: Hash tables configured (established 65536 bind 65536)
[    0.160000] UDP hash table entries: 4096 (order: 6, 262144 bytes, linear)
[    0.160176] UDP-Lite hash table entries: 4096 (order: 6, 262144 bytes, linear)
[    0.160645] NET: Registered PF_UNIX/PF_LOCAL protocol family
[    0.160934] RPC: Registered named UNIX socket transport module.
[    0.161084] RPC: Registered udp transport module.
[    0.164694] RPC: Registered tcp transport module.
[    0.164824] RPC: Registered tcp-with-tls transport module.
[    0.164964] RPC: Registered tcp NFSv4.1 backchannel transport module.
[    0.165355] pci_bus 0000:00: resource 4 [io  0x0000-0x0cf7 window]
[    0.165505] pci_bus 0000:00: resource 5 [io  0x0d00-0xffff window]
[    0.165653] pci_bus 0000:00: resource 6 [mem 0x000a0000-0x000bffff window]
[    0.165811] pci_bus 0000:00: resource 7 [mem 0xc0000000-0xfebfffff window]
[    0.165968] pci_bus 0000:00: resource 8 [mem 0x240000000-0x2bfffffff window]
[    0.166151] pci 0000:00:01.0: PIIX3: Enabling Passive Release
[    0.166301] pci 0000:00:00.0: Limiting direct PCI/PCI transfers
[    0.171968] ACPI: \_SB_.LNKD: Enabled at IRQ 11
[    0.177557] pci 0000:00:04.0: quirk_usb_early_handoff+0x0/0x710 took 10817 usecs
[    0.177756] PCI: CLS 0 bytes, default 64
[    0.177896] PCI-DMA: Using software bounce buffering for IO (SWIOTLB)
[    0.178066] software IO TLB: mapped [mem 0x00000000bbfde000-0x00000000bffde000] (64MB)
[    0.178283] RAPL PMU: API unit is 2^-32 Joules, 0 fixed counters, 10737418240 ms ovfl timer
[    0.178492] clocksource: tsc: mask: 0xffffffffffffffff max_cycles: 0x1e71785e5dd, max_idle_ns: 440795244814 ns
[    0.182721] Initialise system trusted keyrings
[    0.183052] workingset: timestamp_bits=40 max_order=21 bucket_order=0
[    0.183280] NFS: Registering the id_resolver key type
[    0.183413] Key type id_resolver registered
[    0.183529] Key type id_legacy registered
[    0.183685] 9p: Installing v9fs 9p2000 file system support
[    0.189472] Key type asymmetric registered
[    0.189615] Asymmetric key parser 'x509' registered
[    0.189752] Block layer SCSI generic (bsg) driver version 0.4 loaded (major 251)
[    0.190312] io scheduler mq-deadline registered
[    0.190438] io scheduler kyber registered
[    0.191159] input: Power Button as /devices/platform/LNXPWRBN:00/input/input0
[    0.191343] ACPI: button: Power Button [PWRF]
[    0.197752] ACPI: \_SB_.LNKB: Enabled at IRQ 10
[    0.198452] Serial: 8250/16550 driver, 4 ports, IRQ sharing enabled
[    0.198678] 00:04: ttyS0 at I/O 0x3f8 (irq = 4, base_baud = 115200) is a 16550A
[    0.199189] Non-volatile memory driver v1.3
[    0.199308] Linux agpgart interface v0.103
[    0.199450] ACPI: bus type drm_connector registered
[    0.199686] [drm] pci: virtio-vga detected at 0000:00:02.0
[    0.199825] virtio-pci 0000:00:02.0: vgaarb: deactivate vga console
[    0.203242] Console: switching to colour dummy device 80x25
[    0.203329] [drm] features: -virgl +edid -resource_blob -host_visible
[    0.203330] [drm] features: -context_init
[    0.203624] [drm] number of scanouts: 1
[    0.203628] [drm] number of cap sets: 0
[    0.204074] virtio-pci 0000:00:02.0: [drm] Registered 1 planes with drm panic
[    0.204082] [drm] Initialized virtio_gpu 0.1.0 for 0000:00:02.0 on minor 0
[    0.204589] fbcon: virtio_gpudrmfb (fb0) is primary device
[    0.245315] Console: switching to colour frame buffer device 80x30
[    0.285322] virtio-pci 0000:00:02.0: [drm] fb0: virtio_gpudrmfb frame buffer device
[    0.288771] loop: module loaded
[    0.289321] scsi host0: ata_piix
[    0.289624] scsi host1: ata_piix
[    0.289687] ata1: PATA max MWDMA2 cmd 0x1f0 ctl 0x3f6 bmdma 0xc040 irq 14 lpm-pol 0
[    0.289790] ata2: PATA max MWDMA2 cmd 0x170 ctl 0x376 bmdma 0xc048 irq 15 lpm-pol 0
[    0.289988] e100: Intel(R) PRO/100 Network Driver
[    0.290043] e100: Copyright(c) 1999-2006 Intel Corporation
[    0.290114] e1000: Intel(R) PRO/1000 Network Driver
[    0.290165] e1000: Copyright (c) 1999-2006 Intel Corporation.
[    0.295584] ACPI: \_SB_.LNKC: Enabled at IRQ 11
[    0.445263] ata1: found unknown device (class 0)
[    0.445499] ata2: found unknown device (class 0)
[    0.446195] ata1.00: ATA-7: QEMU HARDDISK, 2.5+, max UDMA/100
[    0.446250] ata1.00: 104857600 sectors, multi 16: LBA48 
[    0.446396] ata2.00: ATAPI: QEMU DVD-ROM, 2.5+, max UDMA/100
[    0.447040] scsi 0:0:0:0: Direct-Access     ATA      QEMU HARDDISK    2.5+ PQ: 0 ANSI: 5
[    0.447461] scsi 0:0:0:0: Attached scsi generic sg0 type 0
[    0.447578] sd 0:0:0:0: [sda] 104857600 512-byte logical blocks: (53.7 GB/50.0 GiB)
[    0.447752] sd 0:0:0:0: [sda] Write Protect is off
[    0.447805] sd 0:0:0:0: [sda] Mode Sense: 00 3a 00 00
[    0.447809] sd 0:0:0:0: [sda] Write cache: enabled, read cache: enabled, doesn't support DPO or FUA
[    0.447935] sd 0:0:0:0: [sda] Preferred minimum I/O size 512 bytes
[    0.447943] scsi 1:0:0:0: CD-ROM            QEMU     QEMU DVD-ROM     2.5+ PQ: 0 ANSI: 5
[    0.461439]  sda: sda1 sda2 sda3 sda4
[    0.461619] sd 0:0:0:0: [sda] Attached SCSI disk
[    0.465438] sr 1:0:0:0: [sr0] scsi3-mmc drive: 4x/4x cd/rw xa/form2 tray
[    0.465588] cdrom: Uniform CD-ROM driver Revision: 3.20
[    0.474532] sr 1:0:0:0: Attached scsi CD-ROM sr0
[    0.474726] sr 1:0:0:0: Attached scsi generic sg1 type 5
[    0.584612] e1000 0000:00:03.0 eth0: (PCI:33MHz:32-bit) 52:54:00:12:34:56
[    0.584691] e1000 0000:00:03.0 eth0: Intel(R) PRO/1000 Network Connection
[    0.584772] e1000e: Intel(R) PRO/1000 Network Driver
[    0.584822] e1000e: Copyright(c) 1999 - 2015 Intel Corporation.
[    0.584885] sky2: driver version 1.30
[    0.590447] xhci_hcd 0000:00:04.0: xHCI Host Controller
[    0.590701] xhci_hcd 0000:00:04.0: new USB bus registered, assigned bus number 1
[    0.590991] xhci_hcd 0000:00:04.0: hcc params 0x00087001 hci version 0x100 quirks 0x0000000000000010
[    0.591535] xhci_hcd 0000:00:04.0: xHCI Host Controller
[    0.591800] xhci_hcd 0000:00:04.0: new USB bus registered, assigned bus number 2
[    0.591919] xhci_hcd 0000:00:04.0: Host supports USB 3.0 SuperSpeed
[    0.593074] usb usb1: New USB device found, idVendor=1d6b, idProduct=0002, bcdDevice= 6.19
[    0.593201] usb usb1: New USB device strings: Mfr=3, Product=2, SerialNumber=1
[    0.593309] usb usb1: Product: xHCI Host Controller
[    0.593367] usb usb1: Manufacturer: Linux 6.19.0-rc4-next-20260109 xhci-hcd
[    0.593422] usb usb1: SerialNumber: 0000:00:04.0
[    0.593623] hub 1-0:1.0: USB hub found
[    0.593691] hub 1-0:1.0: 4 ports detected
[    0.593850] usb usb2: We don't know the algorithms for LPM for this host, disabling LPM.
[    0.593972] usb usb2: New USB device found, idVendor=1d6b, idProduct=0003, bcdDevice= 6.19
[    0.594109] usb usb2: New USB device strings: Mfr=3, Product=2, SerialNumber=1
[    0.594223] usb usb2: Product: xHCI Host Controller
[    0.594280] usb usb2: Manufacturer: Linux 6.19.0-rc4-next-20260109 xhci-hcd
[    0.594338] usb usb2: SerialNumber: 0000:00:04.0
[    0.594518] hub 2-0:1.0: USB hub found
[    0.594588] hub 2-0:1.0: 4 ports detected
[    0.594741] usbcore: registered new interface driver usblp
[    0.594807] usbcore: registered new interface driver usb-storage
[    0.594892] i8042: PNP: PS/2 Controller [PNP0303:KBD,PNP0f13:MOU] at 0x60,0x64 irq 1,12
[    0.595421] serio: i8042 KBD port at 0x60,0x64 irq 1
[    0.595478] serio: i8042 AUX port at 0x60,0x64 irq 12
[    0.595634] rtc_cmos 00:05: RTC can wake from S4
[    0.596098] input: AT Translated Set 2 keyboard as /devices/platform/i8042/serio0/input/input1
[    0.596234] rtc_cmos 00:05: registered as rtc0
[    0.596320] rtc_cmos 00:05: alarms up to one day, y3k, 242 bytes nvram, hpet irqs
[    0.596532] device-mapper: ioctl: 4.50.0-ioctl (2025-04-28) initialised: dm-devel@lists.linux.dev
[    0.596663] intel_pstate: CPU model not supported
[    0.596814] hid: raw HID events driver (C) Jiri Kosina
[    0.597111] usbcore: registered new interface driver usbhid
[    0.597187] usbhid: USB HID core driver
[    0.597972] Initializing XFRM netlink socket
[    0.598045] NET: Registered PF_INET6 protocol family
[    0.598371] Segment Routing with IPv6
[    0.598430] In-situ OAM (IOAM) with IPv6
[    0.598495] sit: IPv6, IPv4 and MPLS over IPv4 tunneling driver
[    0.598601] NET: Registered PF_PACKET protocol family
[    0.598661] 9pnet: Installing 9P2000 support
[    0.598716] Key type dns_resolver registered
[    0.599849] IPI shorthand broadcast: enabled
[    0.601302] sched_clock: Marking stable (580001322, 21070149)->(609642709, -8571238)
[    0.602003] registered taskstats version 1
[    0.602056] Loading compiled-in X.509 certificates
[    0.602907] Demotion targets for Node 0: null
[    0.603040] PM:   Magic number: 10:741:280
[    0.603125] tty tty17: hash matches
[    0.603188] netconsole: network logging started
[    0.603258] cfg80211: Loading compiled-in X.509 certificates for regulatory database
[    0.603503] kworker/u48:0 (115) used greatest stack depth: 14008 bytes left
[    0.604047] Loaded X.509 cert 'sforshee: 00b28ddf47aef9cea7'
[    0.604192] Loaded X.509 cert 'wens: 61c038651aabdcf94bd0ac7ff06c7248db18c600'
[    0.604301] faux_driver regulatory: Direct firmware load for regulatory.db failed with error -2
[    0.604400] cfg80211: failed to load regulatory.db
[    0.604460] ALSA device list:
[    0.604511]   No soundcards found.
[    0.604572] check access for rdinit=/init failed: -2, ignoring
[    0.829317] usb 1-1: new high-speed USB device number 2 using xhci_hcd
[    0.953028] usb 1-1: New USB device found, idVendor=0627, idProduct=0001, bcdDevice= 0.00
[    0.953201] usb 1-1: New USB device strings: Mfr=1, Product=3, SerialNumber=10
[    0.953300] usb 1-1: Product: QEMU USB Tablet
[    0.953350] usb 1-1: Manufacturer: QEMU
[    0.953400] usb 1-1: SerialNumber: 28754-0000:00:04.0-1
[    0.954024] input: QEMU QEMU USB Tablet as /devices/pci0000:00/0000:00:04.0/usb1/1-1/1-1:1.0/0003:0627:0001.0001/input/input4
[    0.954304] hid-generic 0003:0627:0001.0001: input,hidraw0: USB HID v0.01 Mouse [QEMU QEMU USB Tablet] on usb-0000:00:04.0-1/input0
[    1.014307] input: ImExPS/2 Generic Explorer Mouse as /devices/platform/i8042/serio1/input/input3
[    1.014708] md: Waiting for all devices to be available before autodetect
[    1.014776] md: If you don't use raid, use raid=noautodetect
[    1.014839] md: Autodetecting RAID arrays.
[    1.014899] md: autorun ...
[    1.014955] md: ... autorun DONE.
[    1.019836] EXT4-fs (sda4): INFO: recovery required on readonly filesystem
[    1.019900] EXT4-fs (sda4): write access will be enabled during recovery
[    1.040554] EXT4-fs (sda4): recovery complete
[    1.042378] EXT4-fs (sda4): mounted filesystem 136a72be-3f5c-4e94-9e01-ceeab7e58c72 ro with ordered data mode. Quota mode: none.
[    1.042498] VFS: Mounted root (ext4 filesystem) readonly on device 8:4.
[    1.043124] devtmpfs: mounted
[    1.043737] Freeing unused kernel image (initmem) memory: 2848K
[    1.043805] Write protecting the kernel read-only data: 28672k
[    1.044379] Freeing unused kernel image (text/rodata gap) memory: 1244K
[    1.044707] Freeing unused kernel image (rodata/data gap) memory: 548K
[    1.051225] x86/mm: Checked W+X mappings: passed, no W+X pages found.
[    1.051308] Run /sbin/init as init process
[    1.051374]   with arguments:
[    1.051374]     /sbin/init
[    1.051375]   with environment:
[    1.051375]     HOME=/
[    1.051375]     TERM=linux
[    1.066143] usb 1-2: new high-speed USB device number 3 using xhci_hcd
[    1.106382] systemd[1]: systemd 257.8 running in system mode (-PAM -AUDIT -SELINUX -APPARMOR +IMA +IPE +SMACK -SECCOMP -GCRYPT -GNUTLS +OPENSSL +ACL +BLKID -CURL +ELFUTILS -FIDO2 -IDN2 -IDN -IPTC +KMOD -LIBCRYPTSETUP -LIBCRYPTSETUP_PLUGINS +LIBFDISK -PCRE2 -PWQUALITY -P11KIT -QRENCODE -TPM2 +BZIP2 +LZ4 +XZ +ZLIB +ZSTD -BPF_FRAMEWORK -BTF -XKBCOMMON +UTMP +SYSVINIT -LIBARCHIVE)
[    1.106684] systemd[1]: Detected virtualization kvm.
[    1.106748] systemd[1]: Detected architecture x86-64.
[    1.107643] systemd[1]: Hostname set to <vburton>.
[    1.116250] systemd-rc-loca (134) used greatest stack depth: 12536 bytes left
[    1.147581] systemd[1]: /etc/systemd/system/sshd.service:1: Unknown section 'init'. Ignoring.
[    1.147737] systemd[1]: /etc/systemd/system/sshd.service:9: Unknown key 'ExecReloqd' in section [Service], ignoring.
[    1.169890] systemd[1]: Queued start job for default target Graphical Interface.
[    1.176793] systemd[1]: Created slice Slice /system/getty.
[    1.177089] systemd[1]: Created slice Slice /system/modprobe.
[    1.177327] systemd[1]: Created slice Slice /system/systemd-fsck.
[    1.177529] systemd[1]: Created slice User and Session Slice.
[    1.177680] systemd[1]: Started Dispatch Password Requests to Console Directory Watch.
[    1.177894] systemd[1]: Started Forward Password Requests to Wall Directory Watch.
[    1.178163] systemd[1]: Set up automount Arbitrary Executable File Formats File System Automount Point.
[    1.178375] systemd[1]: Expecting device /dev/disk/by-uuid/c3e5b9e7-0e86-4dab-9851-9dd39b2ede1b...
[    1.178630] systemd[1]: Expecting device /dev/disk/by-uuid/d692061e-ab2e-42a4-a3aa-03ceb03f32cf...
[    1.178859] systemd[1]: Reached target Path Units.
[    1.179010] systemd[1]: Reached target Remote File Systems.
[    1.179171] systemd[1]: Reached target Slice Units.
[    1.179841] systemd[1]: Listening on Process Core Dump Socket.
[    1.180498] systemd[1]: Listening on Credential Encryption/Decryption.
[    1.180694] systemd[1]: Listening on initctl Compatibility Named Pipe.
[    1.181009] systemd[1]: Listening on Journal Audit Socket.
[    1.181206] systemd[1]: Listening on Journal Socket (/dev/log).
[    1.181376] systemd[1]: Listening on Journal Sockets.
[    1.181531] systemd[1]: Listening on DDI File System Mounter Socket.
[    1.181702] systemd[1]: Listening on Network Service Netlink Socket.
[    1.181852] systemd[1]: Listening on Namespace Resource Manager Socket.
[    1.182023] systemd[1]: Listening on Userspace Out-Of-Memory (OOM) Killer Socket.
[    1.182288] systemd[1]: Listening on udev Control Socket.
[    1.182434] systemd[1]: Listening on udev Kernel Socket.
[    1.183136] systemd[1]: Mounting Huge Pages File System...
[    1.183575] systemd[1]: Mounting POSIX Message Queue File System...
[    1.183984] systemd[1]: Mounting Kernel Debug File System...
[    1.184454] systemd[1]: Mounting Kernel Trace File System...
[    1.184618] systemd[1]: Create List of Static Device Nodes was skipped because of an unmet condition check (ConditionFileNotEmpty=/lib/modules/6.19.0-rc4-next-20260109/modules.devname).
[    1.185161] systemd[1]: Starting Load Kernel Module configfs...
[    1.185688] systemd[1]: Starting Load Kernel Module dm_mod...
[    1.186225] systemd[1]: Starting Load Kernel Module drm...
[    1.186655] systemd[1]: Starting Load Kernel Module efi_pstore...
[    1.187474] systemd[1]: Starting Load Kernel Module fuse...
[    1.188082] systemd[1]: Starting Load Kernel Module loop...
[    1.188498] systemd[1]: Starting File System Check on Root Device...
[    1.188548] modprobe (157) used greatest stack depth: 12344 bytes left
[    1.188738] systemd[1]: Clear Stale Hibernate Storage Info was skipped because of an unmet condition check (ConditionPathExists=/sys/firmware/efi/efivars/HibernateLocation-8cf2644b-4b0b-428f-9387-6d876050dc67).
[    1.188970] systemd[1]: systemd-journald.service: unit configures an IP firewall, but the local system does not support BPF/cgroup firewalling.
[    1.189111] systemd[1]: systemd-journald.service: (This warning is only shown for the first unit using IP firewalling.)
[    1.189509] systemd[1]: Starting Journal Service...
[    1.189993] systemd[1]: Load Kernel Modules was skipped because no trigger condition checks were met.
[    1.190773] systemd[1]: Starting Generate network units from Kernel command line...
[    1.191066] usb 1-2: New USB device found, idVendor=0627, idProduct=0001, bcdDevice= 0.00
[    1.191251] usb 1-2: New USB device strings: Mfr=1, Product=4, SerialNumber=11
[    1.191323] systemd[1]: Starting Userspace Out-Of-Memory (OOM) Killer...
[    1.191382] usb 1-2: Product: QEMU USB Keyboard
[    1.191535] usb 1-2: Manufacturer: QEMU
[    1.191536] usb 1-2: SerialNumber: 68284-0000:00:04.0-2
[    1.192216] systemd[1]: Starting Apply Kernel Variables...
[    1.192650] systemd[1]: Starting Create Static Device Nodes in /dev gracefully...
[    1.193223] systemd[1]: Starting Load udev Rules from Credentials...
[    1.193701] systemd[1]: Starting Coldplug All udev Devices...
[    1.194731] input: QEMU QEMU USB Keyboard as /devices/pci0000:00/0000:00:04.0/usb1/1-2/1-2:1.0/0003:0627:0001.0002/input/input5
[    1.194763] systemd[1]: Mounted Huge Pages File System.
[    1.195237] systemd[1]: Mounted POSIX Message Queue File System.
[    1.195443] systemd[1]: Mounted Kernel Debug File System.
[    1.195605] systemd[1]: Mounted Kernel Trace File System.
[    1.195823] systemd[1]: modprobe@configfs.service: Deactivated successfully.
[    1.195962] systemd[1]: Finished Load Kernel Module configfs.
[    1.196356] systemd[1]: modprobe@dm_mod.service: Deactivated successfully.
[    1.196485] systemd[1]: Finished Load Kernel Module dm_mod.
[    1.196708] systemd[1]: modprobe@drm.service: Deactivated successfully.
[    1.196824] systemd[1]: Finished Load Kernel Module drm.
[    1.197052] systemd[1]: modprobe@efi_pstore.service: Deactivated successfully.
[    1.197293] systemd[1]: Finished Load Kernel Module efi_pstore.
[    1.197511] systemd[1]: modprobe@fuse.service: Deactivated successfully.
[    1.197632] systemd[1]: Finished Load Kernel Module fuse.
[    1.197871] systemd[1]: modprobe@loop.service: Deactivated successfully.
[    1.197985] systemd[1]: Finished Load Kernel Module loop.
[    1.198232] systemd[1]: FUSE Control File System was skipped because of an unmet condition check (ConditionPathExists=/sys/fs/fuse/connections).
[    1.198377] systemd[1]: Kernel Configuration File System was skipped because of an unmet condition check (ConditionPathExists=/sys/kernel/config).
[    1.198512] systemd[1]: Repartition Root Disk was skipped because no trigger condition checks were met.
[    1.198791] systemd[1]: Finished Generate network units from Kernel command line.
[    1.199178] systemd[1]: Reached target Preparation for Network.
[    1.199316] systemd-journald[163]: Collecting audit messages is enabled.
[    1.201870] systemd[1]: Starting Namespace Resource Manager...
[    1.204010] systemd[1]: Finished Apply Kernel Variables.
[    1.204792] systemd[1]: Finished Load udev Rules from Credentials.
[    1.205778] systemd[1]: Starting Network Name Resolution...
[    1.206164] systemd[1]: Started Journal Service.
[    1.280437] hid-generic 0003:0627:0001.0002: input,hidraw1: USB HID v1.11 Keyboard [QEMU QEMU USB Keyboard] on usb-0000:00:04.0-2/input0
[    1.324353] EXT4-fs (sda4): re-mounted 136a72be-3f5c-4e94-9e01-ceeab7e58c72 r/w.
[    1.338928] systemd-journald[163]: Received client request to flush runtime journal.
[    1.339794] systemd-journald[163]: File /var/log/journal/d32751a6f1954d3abf9cccc8de1a5b69/system.journal corrupted or uncleanly shut down, renaming and replacing.
[    1.391820] e1000 0000:00:03.0 ens3: renamed from eth0
[    1.393125] usb 1-3: new high-speed USB device number 4 using xhci_hcd
[    1.410528] e1000: ens3 NIC Link is Up 1000 Mbps Full Duplex, Flow Control: RX
[    1.450220] Adding 2097148k swap on /dev/sda3.  Priority:1 extents:1 across:2097148k 
[    1.516529] usb 1-3: New USB device found, idVendor=0627, idProduct=0001, bcdDevice= 0.00
[    1.516770] usb 1-3: New USB device strings: Mfr=1, Product=2, SerialNumber=9
[    1.516882] usb 1-3: Product: QEMU USB Mouse
[    1.516995] usb 1-3: Manufacturer: QEMU
[    1.517126] usb 1-3: SerialNumber: 89126-0000:00:04.0-3
[    1.518138] input: QEMU QEMU USB Mouse as /devices/pci0000:00/0000:00:04.0/usb1/1-3/1-3:1.0/0003:0627:0001.0003/input/input6
[    1.518446] hid-generic 0003:0627:0001.0003: input,hidraw2: USB HID v0.01 Mouse [QEMU QEMU USB Mouse] on usb-0000:00:04.0-3/input0
[    2.208748] EXT4-fs (sda2): mounted filesystem d692061e-ab2e-42a4-a3aa-03ceb03f32cf r/w with ordered data mode. Quota mode: none.
